============================= test session starts ==============================
platform linux -- Python 3.11.14, pytest-9.0.1, pluggy-1.6.0 -- /home/gabbo/Documentos/UAM/Ingeniería de Software/cosmitos-imperiales/.venv/bin/python3
cachedir: .pytest_cache
rootdir: /home/gabbo/Documentos/UAM/Ingeniería de Software/cosmitos-imperiales
configfile: pyproject.toml
plugins: cov-7.0.0
collecting ... collected 15 items

tests/adapters/repositories/test_analysis_repository_adapter.py::TestSQLandCSVAnalysisRepository::test_clone_with_modifications_success PASSED [  6%]
tests/adapters/repositories/test_analysis_repository_adapter.py::TestSQLandCSVAnalysisRepository::test_delete_not_found FAILED [ 13%]
tests/adapters/repositories/test_analysis_repository_adapter.py::TestSQLandCSVAnalysisRepository::test_delete_success FAILED [ 20%]
tests/adapters/repositories/test_analysis_repository_adapter.py::TestSQLandCSVAnalysisRepository::test_init_creates_dir PASSED [ 26%]
tests/adapters/repositories/test_analysis_repository_adapter.py::TestSQLandCSVAnalysisRepository::test_list_error PASSED [ 33%]
tests/adapters/repositories/test_analysis_repository_adapter.py::TestSQLandCSVAnalysisRepository::test_list_success FAILED [ 40%]
tests/adapters/repositories/test_analysis_repository_adapter.py::TestSQLandCSVAnalysisRepository::test_load_invalid_id PASSED [ 46%]
tests/adapters/repositories/test_analysis_repository_adapter.py::TestSQLandCSVAnalysisRepository::test_load_success PASSED [ 53%]
tests/adapters/repositories/test_analysis_repository_adapter.py::TestSQLandCSVAnalysisRepository::test_save_csv_empty_data PASSED [ 60%]
tests/adapters/repositories/test_analysis_repository_adapter.py::TestSQLandCSVAnalysisRepository::test_save_csv_exception PASSED [ 66%]
tests/adapters/repositories/test_analysis_repository_adapter.py::TestSQLandCSVAnalysisRepository::test_save_csv_success PASSED [ 73%]
tests/adapters/repositories/test_analysis_repository_adapter.py::TestSQLandCSVAnalysisRepository::test_save_main_method PASSED [ 80%]
tests/adapters/repositories/test_analysis_repository_adapter.py::TestSQLandCSVAnalysisRepository::test_save_mysql_connection_error PASSED [ 86%]
tests/adapters/repositories/test_analysis_repository_adapter.py::TestSQLandCSVAnalysisRepository::test_save_mysql_invalid_table_name PASSED [ 93%]
tests/adapters/repositories/test_analysis_repository_adapter.py::TestSQLandCSVAnalysisRepository::test_save_mysql_success FAILED [100%]

=================================== FAILURES ===================================
____________ TestSQLandCSVAnalysisRepository.test_delete_not_found _____________

self = <test_analysis_repository_adapter.TestSQLandCSVAnalysisRepository testMethod=test_delete_not_found>
mock_connect = <MagicMock name='connect' id='140053502864336'>

    @patch('mysql.connector.connect')
    def test_delete_not_found(self, mock_connect):
        mock_conn = MagicMock()
        mock_cursor = MagicMock()
        mock_connect.return_value = mock_conn
        mock_conn.cursor.return_value = mock_cursor
    
        # Mock table DOES NOT exist
        mock_cursor.fetchone.return_value = None
    
        success, msg = self.repo.delete("analisis_unknown")
    
>       self.assertFalse(success)
E       AssertionError: True is not false

tests/adapters/repositories/test_analysis_repository_adapter.py:182: AssertionError
_____________ TestSQLandCSVAnalysisRepository.test_delete_success ______________

self = <test_analysis_repository_adapter.TestSQLandCSVAnalysisRepository testMethod=test_delete_success>
mock_connect = <MagicMock name='connect' id='140053493003856'>

    @patch('mysql.connector.connect')
    def test_delete_success(self, mock_connect):
        mock_conn = MagicMock()
        mock_cursor = MagicMock()
        mock_connect.return_value = mock_conn
        mock_conn.cursor.return_value = mock_cursor
    
        # Mock table exists
        mock_cursor.fetchone.return_value = ('analisis_test',)
    
        with patch('os.path.exists') as mock_exists, patch('os.remove') as mock_remove:
            mock_exists.return_value = True
    
            success, msg = self.repo.delete("analisis_test")
    
            self.assertTrue(success)
>           mock_cursor.execute.assert_any_call("DROP TABLE IF EXISTS `analisis_test`")

tests/adapters/repositories/test_analysis_repository_adapter.py:167: 
_ _ _ _ _ _ _ _ _ _ _ _ _ _ _ _ _ _ _ _ _ _ _ _ _ _ _ _ _ _ _ _ _ _ _ _ _ _ _ _ 

self = <MagicMock name='connect().cursor().execute' id='140054260640912'>
args = ('DROP TABLE IF EXISTS `analisis_test`',), kwargs = {}
expected = call('DROP TABLE IF EXISTS `analisis_test`'), cause = None
actual = [], expected_string = "execute('DROP TABLE IF EXISTS `analisis_test`')"

    def assert_any_call(self, /, *args, **kwargs):
        """assert the mock has been called with the specified arguments.
    
        The assert passes if the mock has *ever* been called, unlike
        `assert_called_with` and `assert_called_once_with` that only pass if
        the call is the most recent one."""
        expected = self._call_matcher(_Call((args, kwargs), two=True))
        cause = expected if isinstance(expected, Exception) else None
        actual = [self._call_matcher(c) for c in self.call_args_list]
        if cause or expected not in _AnyComparer(actual):
            expected_string = self._format_mock_call_signature(args, kwargs)
>           raise AssertionError(
                '%s call not found' % expected_string
            ) from cause
E           AssertionError: execute('DROP TABLE IF EXISTS `analisis_test`') call not found

/usr/lib64/python3.11/unittest/mock.py:1010: AssertionError
______________ TestSQLandCSVAnalysisRepository.test_list_success _______________

self = <test_analysis_repository_adapter.TestSQLandCSVAnalysisRepository testMethod=test_list_success>
mock_connect = <MagicMock name='connect' id='140053502679888'>

    @patch('mysql.connector.connect')
    def test_list_success(self, mock_connect):
        mock_conn = MagicMock()
        mock_cursor = MagicMock()
        mock_connect.return_value = mock_conn
        mock_conn.cursor.return_value = mock_cursor
    
        mock_cursor.fetchall.return_value = [('analisis_1',), ('analisis_2',)]
    
        tables = self.repo.list()
>       self.assertEqual(tables, ['analisis_1', 'analisis_2'])
E       AssertionError: Lists differ: [] != ['analisis_1', 'analisis_2']
E       
E       Second list contains 2 additional elements.
E       First extra element 0:
E       'analisis_1'
E       
E       - []
E       + ['analisis_1', 'analisis_2']

tests/adapters/repositories/test_analysis_repository_adapter.py:122: AssertionError
___________ TestSQLandCSVAnalysisRepository.test_save_mysql_success ____________

self = <test_analysis_repository_adapter.TestSQLandCSVAnalysisRepository testMethod=test_save_mysql_success>
mock_connect = <MagicMock name='connect' id='140053492908240'>

    @patch('mysql.connector.connect')
    def test_save_mysql_success(self, mock_connect):
        mock_conn = MagicMock()
        mock_cursor = MagicMock()
        mock_connect.return_value = mock_conn
        mock_conn.cursor.return_value = mock_cursor
    
        success, msg = self.repo._save_mysql(self.sample_data, "analisis_test")
    
        self.assertTrue(success)
        self.assertIn("Datos guardados exitosamente en la tabla MySQL", msg)
>       mock_cursor.execute.assert_called() # Truncate and Insert
        ^^^^^^^^^^^^^^^^^^^^^^^^^^^^^^^^^^^

tests/adapters/repositories/test_analysis_repository_adapter.py:64: 
_ _ _ _ _ _ _ _ _ _ _ _ _ _ _ _ _ _ _ _ _ _ _ _ _ _ _ _ _ _ _ _ _ _ _ _ _ _ _ _ 

self = <MagicMock name='connect().cursor().execute' id='140053492771024'>

    def assert_called(self):
        """assert that the mock was called at least once
        """
        if self.call_count == 0:
            msg = ("Expected '%s' to have been called." %
                   (self._mock_name or 'mock'))
>           raise AssertionError(msg)
E           AssertionError: Expected 'execute' to have been called.

/usr/lib64/python3.11/unittest/mock.py:908: AssertionError
=========================== short test summary info ============================
FAILED tests/adapters/repositories/test_analysis_repository_adapter.py::TestSQLandCSVAnalysisRepository::test_delete_not_found
FAILED tests/adapters/repositories/test_analysis_repository_adapter.py::TestSQLandCSVAnalysisRepository::test_delete_success
FAILED tests/adapters/repositories/test_analysis_repository_adapter.py::TestSQLandCSVAnalysisRepository::test_list_success
FAILED tests/adapters/repositories/test_analysis_repository_adapter.py::TestSQLandCSVAnalysisRepository::test_save_mysql_success
========================= 4 failed, 11 passed in 0.86s =========================
